// Jest Snapshot v1, https://goo.gl/fbAQLP

exports[`Application Resolver Correctly Resolves Application Query 1`] = `
Object {
  "data": Object {
    "applications": Array [
      Object {
        "_uid": "local-cluster/1d4bb419-3666-11ea-9e7f-00000a100f99",
        "created": "2020-01-14T00:37:59Z",
        "dashboard": null,
        "hubSubs": "Failed=1;Propagated=2",
        "name": "samplebook-gbapp",
        "namespace": "sample",
        "pods": "Running=6",
        "remoteCls": 1,
        "remoteSubs": "Failed=1;Propagated=2",
      },
    ],
  },
}
`;
