// Jest Snapshot v1, https://goo.gl/fbAQLP

exports[`Message Resolver Correctly Resolves Message Query 1`] = `
Object {
  "data": Object {
    "messages": Array [
      Object {
        "description": "Search is disabled on some of your managed clusters.",
        "id": "S20",
        "kind": "information",
      },
    ],
  },
}
`;
